<html>
<body>
<pre>
<h1>µVision Build Log</h1>
<h2>Project:</h2>
C:\Users\HabibullinIR\Desktop\realtime\lab1.uvproj
Project File Date:  10/20/2018

<h2>Output:</h2>
Rebuild target 'Target 1'
assembling startup_stm32f40xx.s...
linking...
Program Size: Code=204 RO-data=392 RW-data=0 ZI-data=1024  
".\lab1.axf" - 0 Error(s), 0 Warning(s).
Load "C:\\Users\\HabibullinIR\\Desktop\\realtime\\lab1.axf" 
Erase Done.
Programming Done.
Verify OK.
Application running ...
</pre>
</body>
</html>
ols.
Not enough information to list the image map.
Finished: 2 information, 1 warning and 1 error messages.
".\lab1.axf" - 1 Error(s), 1 Warning(s).
Target not created
Load "C:\\Users\\HabibullinIR\\Desktop\\realtime\\lab1.axf" 
_____^
*** error 56: cannot open file
Error: Flash Download failed  -  Could not load file 'C:\Users\HabibullinIR\Desktop\realtime\lab1.axf'
