<html>
<body>
<pre>
<h1>µVision Build Log</h1>
<h2>Project:</h2>
C:\Users\HabibullinIR\Desktop\realtime\lab2\lab2.uvproj
Project File Date:  10/20/2018

<h2>Output:</h2>
Build target 'Target 1'
compiling main.c...
linking...
Program Size: Code=588 RO-data=408 RW-data=0 ZI-data=1120  
".\lab2.axf" - 0 Error(s), 0 Warning(s).
Load "C:\\Users\\HabibullinIR\\Desktop\\realtime\\lab2\\lab2.axf" 
Erase Done.
Programming Done.
Verify OK.
Application running ...

Verify OK.
Application running ...
\\realtime\\lab2\\lab2.axf" 
Erase Done.
Programming Done.
Verify OK.
Application running ...
 "C:\\Users\\HabibullinIR\\Desktop\\realtime\\lab2\\lab2.axf" 
Erase Done.
Programming Done.
Verify OK.
Application running ...
